[14:02:13.288] Running build in Washington, D.C., USA (East) – iad1
[14:02:13.391] Cloning github.com/tonnidiaz/test (Branch: sv-app, Commit: e86a54a)
[14:02:14.314] Previous build caches not available
[14:02:15.665] Cloning completed: 2.273s
[14:02:16.276] Running "vercel build"
[14:02:16.683] Vercel CLI 38.0.0
[14:02:16.838] > Detected Turbo. Adjusting default settings...
[14:02:17.496] Running "install" command: `npm install --prefix=../..`...
[14:02:27.579] npm warn deprecated rimraf@3.0.2: Rimraf versions prior to v4 are no longer supported
[14:02:29.011] npm warn deprecated npmlog@5.0.1: This package is no longer supported.
[14:02:30.547] npm warn deprecated inflight@1.0.6: This module is not supported, and leaks memory. Do not use it. Check out lru-cache if you want a good and tested way to coalesce async requests by a key value, which is much more comprehensive and powerful.
[14:02:31.709] npm warn deprecated gauge@3.0.2: This package is no longer supported.
[14:02:33.467] npm warn deprecated critters@0.0.24: Ownership of Critters has moved to the Nuxt team, who will be maintaining the project going forward. If you'd like to keep using Critters, please switch to the actively-maintained fork at https://github.com/danielroe/beasties
[14:02:33.656] npm warn deprecated are-we-there-yet@2.0.0: This package is no longer supported.
[14:02:33.826] npm warn deprecated abab@2.0.6: Use your platform's native atob() and btoa() methods instead
[14:02:36.351] npm warn deprecated @humanwhocodes/config-array@0.13.0: Use @eslint/config-array instead
[14:02:36.352] npm warn deprecated @humanwhocodes/object-schema@2.0.3: Use @eslint/object-schema instead
[14:02:40.562] npm warn deprecated glob@7.2.3: Glob versions prior to v9 are no longer supported
[14:02:40.780] npm warn deprecated glob@7.2.3: Glob versions prior to v9 are no longer supported
[14:02:41.300] npm warn deprecated glob@7.2.3: Glob versions prior to v9 are no longer supported
[14:02:42.056] npm warn deprecated glob@7.2.3: Glob versions prior to v9 are no longer supported
[14:02:42.963] npm warn deprecated glob@7.2.3: Glob versions prior to v9 are no longer supported
[14:02:43.893] npm warn deprecated glob@7.2.3: Glob versions prior to v9 are no longer supported
[14:02:44.129] npm warn deprecated glob@7.2.3: Glob versions prior to v9 are no longer supported
[14:02:44.186] npm warn deprecated glob@8.1.0: Glob versions prior to v9 are no longer supported
[14:02:52.400] npm warn deprecated vue@2.7.16: Vue 2 has reached EOL and is no longer actively maintained. See https://v2.vuejs.org/eol/ for more details.
[14:03:26.302] 
[14:03:26.302] added 2438 packages, and audited 2503 packages in 1m
[14:03:26.303] 
[14:03:26.303] 395 packages are looking for funding
[14:03:26.304]   run `npm fund` for details
[14:03:26.362] 
[14:03:26.363] 12 vulnerabilities (9 low, 2 moderate, 1 high)
[14:03:26.363] 
[14:03:26.363] To address issues that do not require attention, run:
[14:03:26.364]   npm audit fix
[14:03:26.364] 
[14:03:26.364] To address all issues possible (including breaking changes), run:
[14:03:26.364]   npm audit fix --force
[14:03:26.364] 
[14:03:26.365] Some issues need review, and may require choosing
[14:03:26.365] a different dependency.
[14:03:26.365] 
[14:03:26.365] Run `npm audit` for details.
[14:03:26.572] 
[14:03:26.572] Attention:
[14:03:26.576] Turborepo now collects completely anonymous telemetry regarding usage.
[14:03:26.576] This information is used to shape the Turborepo roadmap and prioritize features.
[14:03:26.576] You can learn more, including how to opt-out if you'd not like to participate in this anonymous program, by visiting the following URL:
[14:03:26.576] https://turbo.build/repo/docs/telemetry
[14:03:26.576] 
[14:03:26.652] • Packages in scope: tu-trader-sv
[14:03:26.652] • Running build in 1 packages
[14:03:26.652] • Remote caching enabled
[14:03:26.998] @repo/common:build: cache hit, replaying logs deeceb98952e5205
[14:03:26.999] @repo/common:build: 
[14:03:26.999] @repo/common:build: > @repo/common@1.0.0 build
[14:03:26.999] @repo/common:build: > rimraf dist && tsc
[14:03:26.999] @repo/common:build: 
[14:03:27.109] tu-trader-sv:build: cache miss, executing 1dafdd8530e5fb93
[14:03:27.259] tu-trader-sv:build: npm warn config ignoring workspace config at /vercel/path0/apps/tu-trader-sv/.npmrc
[14:03:27.283] tu-trader-sv:build: 
[14:03:27.283] tu-trader-sv:build: > tu-trader-sv@0.0.1 build
[14:03:27.283] tu-trader-sv:build: > vite build
[14:03:27.283] tu-trader-sv:build: 
[14:03:30.243] tu-trader-sv:build: [36mvite v5.4.8 [32mbuilding SSR bundle for production...[36m[39m
[14:03:30.293] tu-trader-sv:build: transforming...
[14:03:33.357] tu-trader-sv:build: 
[14:03:33.358] tu-trader-sv:build: 🌼   [35mdaisyUI[39m [2m4.12.12[22m
[14:03:33.662] tu-trader-sv:build: ├─ [32m✔︎[39m 9 themes added[2m		https://daisyui.com/docs/themes[22m
[14:03:33.663] tu-trader-sv:build: ╰─ [32m❤︎[39m [0mSupport daisyUI project:[0m	[2mhttps://opencollective.com/daisyui[22m
[14:03:33.663] tu-trader-sv:build: 
[14:03:34.036] tu-trader-sv:build: 12:03:34 PM [vite-plugin-svelte] src/routes/backtest/+page.svelte:513:19 Unused CSS selector ".params-area"
[14:03:34.038] tu-trader-sv:build: 511: </script>
[14:03:34.039] tu-trader-sv:build: 512: 
[14:03:34.039] tu-trader-sv:build: 513: <style lang="scss">.params-area {
[14:03:34.039] tu-trader-sv:build:                                     ^
[14:03:34.039] tu-trader-sv:build: 514:   max-width: 50vw;
[14:03:34.039] tu-trader-sv:build: 515: }
[14:03:34.040] tu-trader-sv:build: 12:03:34 PM [vite-plugin-svelte] src/routes/backtest/+page.svelte:518:2 Unused CSS selector ".params-area"
[14:03:34.040] tu-trader-sv:build: 516: 
[14:03:34.040] tu-trader-sv:build: 517: @media screen and (max-width: 960px) {
[14:03:34.040] tu-trader-sv:build: 518:   .params-area {
[14:03:34.040] tu-trader-sv:build:                    ^
[14:03:34.041] tu-trader-sv:build: 519:     max-width: 60vw;
[14:03:34.041] tu-trader-sv:build: 520:   }
[14:03:34.041] tu-trader-sv:build: 12:03:34 PM [vite-plugin-svelte] src/routes/backtest/+page.svelte:523:2 Unused CSS selector ".params-area"
[14:03:34.041] tu-trader-sv:build: 521: }
[14:03:34.041] tu-trader-sv:build: 522: @media screen and (max-width: 640px) {
[14:03:34.041] tu-trader-sv:build: 523:   .params-area {
[14:03:34.042] tu-trader-sv:build:                    ^
[14:03:34.043] tu-trader-sv:build: 524:     max-width: calc(100vw - 20px);
[14:03:34.043] tu-trader-sv:build: 525:   }
[14:03:34.044] tu-trader-sv:build: 12:03:34 PM [vite-plugin-svelte] src/routes/test/arbit/cross/coins/+page.svelte:501:19 Unused CSS selector ".params-area"
[14:03:34.044] tu-trader-sv:build: 499: </script>
[14:03:34.045] tu-trader-sv:build: 500: 
[14:03:34.045] tu-trader-sv:build: 501: <style lang="scss">.params-area {
[14:03:34.045] tu-trader-sv:build:                                     ^
[14:03:34.045] tu-trader-sv:build: 502:   max-width: 50vw;
[14:03:34.045] tu-trader-sv:build: 503: }
[14:03:34.046] tu-trader-sv:build: 12:03:34 PM [vite-plugin-svelte] src/routes/test/arbit/cross/coins/+page.svelte:506:2 Unused CSS selector ".params-area"
[14:03:34.046] tu-trader-sv:build: 504: 
[14:03:34.046] tu-trader-sv:build: 505: @media screen and (max-width: 960px) {
[14:03:34.046] tu-trader-sv:build: 506:   .params-area {
[14:03:34.046] tu-trader-sv:build:                    ^
[14:03:34.046] tu-trader-sv:build: 507:     max-width: 60vw;
[14:03:34.047] tu-trader-sv:build: 508:   }
[14:03:34.047] tu-trader-sv:build: 12:03:34 PM [vite-plugin-svelte] src/routes/test/arbit/cross/coins/+page.svelte:511:2 Unused CSS selector ".params-area"
[14:03:34.047] tu-trader-sv:build: 509: }
[14:03:34.047] tu-trader-sv:build: 510: @media screen and (max-width: 640px) {
[14:03:34.047] tu-trader-sv:build: 511:   .params-area {
[14:03:34.047] tu-trader-sv:build:                    ^
[14:03:34.048] tu-trader-sv:build: 512:     max-width: calc(100vw - 20px);
[14:03:34.048] tu-trader-sv:build: 513:   }
[14:03:36.233] tu-trader-sv:build: 12:03:36 PM [vite-plugin-svelte] src/components/BacktestTable.svelte:34:32 The scope attribute should only be used with `<th>` elements
[14:03:36.233] tu-trader-sv:build: 32:                                 Ind: { row.i }
[14:03:36.233] tu-trader-sv:build: 33:                                 </th>
[14:03:36.233] tu-trader-sv:build: 34:                             <td scope="col" class="px-6 py-3 font-monospace">
[14:03:36.233] tu-trader-sv:build:                                                ^
[14:03:36.233] tu-trader-sv:build: 35:                                 {#each row.enterTs.split('\n') as el}
[14:03:36.233] tu-trader-sv:build: 36:                                 <div>{ el }</div>
[14:03:36.233] tu-trader-sv:build: 12:03:36 PM [vite-plugin-svelte] src/components/BacktestTable.svelte:40:36 The scope attribute should only be used with `<th>` elements
[14:03:36.233] tu-trader-sv:build: 38:                                 <div class="text-gray-300">{ row.ts }</div>
[14:03:36.234] tu-trader-sv:build: 39:                                 </td>
[14:03:36.234] tu-trader-sv:build: 40:                                 <td scope="col"> <span class={row.side.class}>{row.side.value}</span></td>
[14:03:36.234] tu-trader-sv:build:                                                    ^
[14:03:36.234] tu-trader-sv:build: 41:                                 <td scope="col"> <div>{ row.fill }</div>
[14:03:36.234] tu-trader-sv:build: 42:                                     <div class="text-gray-300">{ row.c }</div></td>
[14:03:36.234] tu-trader-sv:build: 12:03:36 PM [vite-plugin-svelte] src/components/BacktestTable.svelte:41:36 The scope attribute should only be used with `<th>` elements
[14:03:36.234] tu-trader-sv:build: 39:                                 </td>
[14:03:36.234] tu-trader-sv:build: 40:                                 <td scope="col"> <span class={row.side.class}>{row.side.value}</span></td>
[14:03:36.235] tu-trader-sv:build: 41:                                 <td scope="col"> <div>{ row.fill }</div>
[14:03:36.239] tu-trader-sv:build:                                                    ^
[14:03:36.239] tu-trader-sv:build: 42:                                     <div class="text-gray-300">{ row.c }</div></td>
[14:03:36.239] tu-trader-sv:build: 43:                                 <td scope="col">{ row.balance }</td>
[14:03:36.239] tu-trader-sv:build: 12:03:36 PM [vite-plugin-svelte] src/components/BacktestTable.svelte:43:36 The scope attribute should only be used with `<th>` elements
[14:03:36.239] tu-trader-sv:build: 41:                                 <td scope="col"> <div>{ row.fill }</div>
[14:03:36.239] tu-trader-sv:build: 42:                                     <div class="text-gray-300">{ row.c }</div></td>
[14:03:36.239] tu-trader-sv:build: 43:                                 <td scope="col">{ row.balance }</td>
[14:03:36.239] tu-trader-sv:build:                                                    ^
[14:03:36.240] tu-trader-sv:build: 44:                            </tr>
[14:03:36.241] tu-trader-sv:build: 45:                            {/each}
[14:03:36.274] tu-trader-sv:build: 12:03:36 PM [vite-plugin-svelte] src/components/CointestTable.svelte:32:24 The scope attribute should only be used with `<th>` elements
[14:03:36.275] tu-trader-sv:build: 30:                     class={`bg-base-100 even:bg-base-200 border-gray-200 font-monospace`}
[14:03:36.275] tu-trader-sv:build: 31:                 >
[14:03:36.275] tu-trader-sv:build: 32:                     <td scope="col" class="">
[14:03:36.275] tu-trader-sv:build:                                        ^
[14:03:36.275] tu-trader-sv:build: 33:                         <div class="text-gray-100 fw-6">Ind: { i }</div>
[14:03:36.275] tu-trader-sv:build: 34:                     </td>
[14:03:36.276] tu-trader-sv:build: 12:03:36 PM [vite-plugin-svelte] src/components/CointestTable.svelte:35:24 The scope attribute should only be used with `<th>` elements
[14:03:36.276] tu-trader-sv:build: 33:                         <div class="text-gray-100 fw-6">Ind: { i }</div>
[14:03:36.276] tu-trader-sv:build: 34:                     </td>
[14:03:36.276] tu-trader-sv:build: 35:                     <td scope="col" class="px-6 py-3 font-monospace">
[14:03:36.276] tu-trader-sv:build:                                        ^
[14:03:36.276] tu-trader-sv:build: 36:                         <div class="text-gray-300">{ row.pair }</div>
[14:03:36.276] tu-trader-sv:build: 37:                     </td>
[14:03:36.277] tu-trader-sv:build: 12:03:36 PM [vite-plugin-svelte] src/components/CointestTable.svelte:39:24 The scope attribute should only be used with `<th>` elements
[14:03:36.277] tu-trader-sv:build: 37:                     </td>
[14:03:36.277] tu-trader-sv:build: 38:                    
[14:03:36.277] tu-trader-sv:build: 39:                     <td scope="col">
[14:03:36.277] tu-trader-sv:build:                                        ^
[14:03:36.277] tu-trader-sv:build: 40:                         <span title={`ZAR ${_format(toZAR(row.profit))}`} class="text-gray-300">USDT { _format(row.profit)}</span>
[14:03:36.277] tu-trader-sv:build: 41:                     </td>
[14:03:36.278] tu-trader-sv:build: 12:03:36 PM [vite-plugin-svelte] src/components/CointestTable.svelte:42:25 The scope attribute should only be used with `<th>` elements
[14:03:36.278] tu-trader-sv:build: 40:                         <span title={`ZAR ${_format(toZAR(row.profit))}`} class="text-gray-300">USDT { _format(row.profit)}</span>
[14:03:36.278] tu-trader-sv:build: 41:                     </td>
[14:03:36.278] tu-trader-sv:build: 42:                      <td scope="col">
[14:03:36.278] tu-trader-sv:build:                                         ^
[14:03:36.279] tu-trader-sv:build: 43:                         <span>{ row.trades }</span>
[14:03:36.279] tu-trader-sv:build: 44:                     </td>
[14:03:36.279] tu-trader-sv:build: 12:03:36 PM [vite-plugin-svelte] src/components/CointestTable.svelte:45:24 The scope attribute should only be used with `<th>` elements
[14:03:36.279] tu-trader-sv:build: 43:                         <span>{ row.trades }</span>
[14:03:36.279] tu-trader-sv:build: 44:                     </td>
[14:03:36.279] tu-trader-sv:build: 45:                     <td scope="col">
[14:03:36.279] tu-trader-sv:build:                                        ^
[14:03:36.279] tu-trader-sv:build: 46:                         <span>{ row.w }</span>
[14:03:36.280] tu-trader-sv:build: 47:                     </td>
[14:03:36.280] tu-trader-sv:build: 12:03:36 PM [vite-plugin-svelte] src/components/CointestTable.svelte:48:24 The scope attribute should only be used with `<th>` elements
[14:03:36.280] tu-trader-sv:build: 46:                         <span>{ row.w }</span>
[14:03:36.280] tu-trader-sv:build: 47:                     </td>
[14:03:36.280] tu-trader-sv:build: 48:                     <td scope="col">
[14:03:36.280] tu-trader-sv:build:                                        ^
[14:03:36.280] tu-trader-sv:build: 49:                         <span>{ row.l }</span>
[14:03:36.280] tu-trader-sv:build: 50:                     </td>
[14:03:36.281] tu-trader-sv:build: 12:03:36 PM [vite-plugin-svelte] src/components/CointestTable.svelte:51:24 The scope attribute should only be used with `<th>` elements
[14:03:36.282] tu-trader-sv:build: 49:                         <span>{ row.l }</span>
[14:03:36.282] tu-trader-sv:build: 50:                     </td>
[14:03:36.282] tu-trader-sv:build: 51:                     <td scope="col">
[14:03:36.282] tu-trader-sv:build:                                        ^
[14:03:36.282] tu-trader-sv:build: 52:                         <span title={`ZAR ${_format(toZAR(row.aside))}`} class="text-gray-300">USDT { _format(row.aside) }</span>
[14:03:36.282] tu-trader-sv:build: 53:                     </td>
[14:03:41.284] tu-trader-sv:build: 
[14:03:41.284] tu-trader-sv:build: ./material-icons.woff2 referenced in ./material-icons.woff2 didn't resolve at build time, it will remain unchanged to be resolved at runtime
[14:03:41.284] tu-trader-sv:build: 
[14:03:41.284] tu-trader-sv:build: ./material-icons-outlined.woff2 referenced in ./material-icons-outlined.woff2 didn't resolve at build time, it will remain unchanged to be resolved at runtime
[14:03:41.284] tu-trader-sv:build: 
[14:03:41.284] tu-trader-sv:build: ./material-icons-round.woff2 referenced in ./material-icons-round.woff2 didn't resolve at build time, it will remain unchanged to be resolved at runtime
[14:03:41.284] tu-trader-sv:build: 
[14:03:41.284] tu-trader-sv:build: ./material-icons-sharp.woff2 referenced in ./material-icons-sharp.woff2 didn't resolve at build time, it will remain unchanged to be resolved at runtime
[14:03:41.284] tu-trader-sv:build: 
[14:03:41.284] tu-trader-sv:build: ./material-icons-two-tone.woff2 referenced in ./material-icons-two-tone.woff2 didn't resolve at build time, it will remain unchanged to be resolved at runtime
[14:03:48.120] tu-trader-sv:build: "Socket" is imported from external module "socket.io-client" but never used in "src/lib/constants.ts" and "src/routes/+layout.svelte".
[14:03:48.121] tu-trader-sv:build: "isDate" is imported from external module "date-fns" but never used in "src/components/TuDatePicker.svelte".
[14:03:48.121] tu-trader-sv:build: [32m✓[39m 210 modules transformed.
[14:03:48.720] tu-trader-sv:build: rendering chunks...
[14:03:51.679] tu-trader-sv:build: ENV: undefined
[14:03:52.267] tu-trader-sv:build: { _dirname: '/vercel/path0/apps/tu-trader-sv' }
[14:03:52.279] tu-trader-sv:build: undefined
[14:03:52.279] tu-trader-sv:build: { API_URL: 'https://tutrader-sv.vercel.app' }
[14:03:52.306] tu-trader-sv:build: [36mvite v5.4.8 [32mbuilding for production...[36m[39m
[14:03:52.312] tu-trader-sv:build: transforming...
[14:03:55.317] tu-trader-sv:build: 12:03:55 PM [vite-plugin-svelte] src/routes/backtest/+page.svelte:513:19 Unused CSS selector ".params-area"
[14:03:55.318] tu-trader-sv:build: 511: </script>
[14:03:55.318] tu-trader-sv:build: 512: 
[14:03:55.318] tu-trader-sv:build: 513: <style lang="scss">.params-area {
[14:03:55.318] tu-trader-sv:build:                                     ^
[14:03:55.318] tu-trader-sv:build: 514:   max-width: 50vw;
[14:03:55.318] tu-trader-sv:build: 515: }
[14:03:55.318] tu-trader-sv:build: 12:03:55 PM [vite-plugin-svelte] src/routes/backtest/+page.svelte:518:2 Unused CSS selector ".params-area"
[14:03:55.318] tu-trader-sv:build: 516: 
[14:03:55.318] tu-trader-sv:build: 517: @media screen and (max-width: 960px) {
[14:03:55.318] tu-trader-sv:build: 518:   .params-area {
[14:03:55.318] tu-trader-sv:build:                    ^
[14:03:55.318] tu-trader-sv:build: 519:     max-width: 60vw;
[14:03:55.318] tu-trader-sv:build: 520:   }
[14:03:55.318] tu-trader-sv:build: 12:03:55 PM [vite-plugin-svelte] src/routes/backtest/+page.svelte:523:2 Unused CSS selector ".params-area"
[14:03:55.318] tu-trader-sv:build: 521: }
[14:03:55.318] tu-trader-sv:build: 522: @media screen and (max-width: 640px) {
[14:03:55.318] tu-trader-sv:build: 523:   .params-area {
[14:03:55.318] tu-trader-sv:build:                    ^
[14:03:55.318] tu-trader-sv:build: 524:     max-width: calc(100vw - 20px);
[14:03:55.318] tu-trader-sv:build: 525:   }
[14:03:55.318] tu-trader-sv:build: 12:03:55 PM [vite-plugin-svelte] src/routes/test/arbit/cross/coins/+page.svelte:501:19 Unused CSS selector ".params-area"
[14:03:55.318] tu-trader-sv:build: 499: </script>
[14:03:55.318] tu-trader-sv:build: 500: 
[14:03:55.319] tu-trader-sv:build: 501: <style lang="scss">.params-area {
[14:03:55.319] tu-trader-sv:build:                                     ^
[14:03:55.319] tu-trader-sv:build: 502:   max-width: 50vw;
[14:03:55.319] tu-trader-sv:build: 503: }
[14:03:55.319] tu-trader-sv:build: 12:03:55 PM [vite-plugin-svelte] src/routes/test/arbit/cross/coins/+page.svelte:506:2 Unused CSS selector ".params-area"
[14:03:55.319] tu-trader-sv:build: 504: 
[14:03:55.319] tu-trader-sv:build: 505: @media screen and (max-width: 960px) {
[14:03:55.319] tu-trader-sv:build: 506:   .params-area {
[14:03:55.319] tu-trader-sv:build:                    ^
[14:03:55.319] tu-trader-sv:build: 507:     max-width: 60vw;
[14:03:55.319] tu-trader-sv:build: 508:   }
[14:03:55.319] tu-trader-sv:build: 12:03:55 PM [vite-plugin-svelte] src/routes/test/arbit/cross/coins/+page.svelte:511:2 Unused CSS selector ".params-area"
[14:03:55.319] tu-trader-sv:build: 509: }
[14:03:55.319] tu-trader-sv:build: 510: @media screen and (max-width: 640px) {
[14:03:55.319] tu-trader-sv:build: 511:   .params-area {
[14:03:55.319] tu-trader-sv:build:                    ^
[14:03:55.319] tu-trader-sv:build: 512:     max-width: calc(100vw - 20px);
[14:03:55.319] tu-trader-sv:build: 513:   }
[14:04:00.409] tu-trader-sv:build: 
[14:04:00.409] tu-trader-sv:build: ./material-icons.woff2 referenced in ./material-icons.woff2 didn't resolve at build time, it will remain unchanged to be resolved at runtime
[14:04:00.409] tu-trader-sv:build: 
[14:04:00.409] tu-trader-sv:build: ./material-icons-outlined.woff2 referenced in ./material-icons-outlined.woff2 didn't resolve at build time, it will remain unchanged to be resolved at runtime
[14:04:00.410] tu-trader-sv:build: 
[14:04:00.410] tu-trader-sv:build: ./material-icons-round.woff2 referenced in ./material-icons-round.woff2 didn't resolve at build time, it will remain unchanged to be resolved at runtime
[14:04:00.410] tu-trader-sv:build: 
[14:04:00.410] tu-trader-sv:build: ./material-icons-sharp.woff2 referenced in ./material-icons-sharp.woff2 didn't resolve at build time, it will remain unchanged to be resolved at runtime
[14:04:00.410] tu-trader-sv:build: 
[14:04:00.410] tu-trader-sv:build: ./material-icons-two-tone.woff2 referenced in ./material-icons-two-tone.woff2 didn't resolve at build time, it will remain unchanged to be resolved at runtime
[14:04:00.470] tu-trader-sv:build: 12:04:00 PM [vite-plugin-svelte] src/components/BacktestTable.svelte:34:32 The scope attribute should only be used with `<th>` elements
[14:04:00.471] tu-trader-sv:build: 32:                                 Ind: { row.i }
[14:04:00.471] tu-trader-sv:build: 33:                                 </th>
[14:04:00.471] tu-trader-sv:build: 34:                             <td scope="col" class="px-6 py-3 font-monospace">
[14:04:00.471] tu-trader-sv:build:                                                ^
[14:04:00.471] tu-trader-sv:build: 35:                                 {#each row.enterTs.split('\n') as el}
[14:04:00.471] tu-trader-sv:build: 36:                                 <div>{ el }</div>
[14:04:00.471] tu-trader-sv:build: 12:04:00 PM [vite-plugin-svelte] src/components/BacktestTable.svelte:40:36 The scope attribute should only be used with `<th>` elements
[14:04:00.471] tu-trader-sv:build: 38:                                 <div class="text-gray-300">{ row.ts }</div>
[14:04:00.471] tu-trader-sv:build: 39:                                 </td>
[14:04:00.472] tu-trader-sv:build: 40:                                 <td scope="col"> <span class={row.side.class}>{row.side.value}</span></td>
[14:04:00.472] tu-trader-sv:build:                                                    ^
[14:04:00.472] tu-trader-sv:build: 41:                                 <td scope="col"> <div>{ row.fill }</div>
[14:04:00.472] tu-trader-sv:build: 42:                                     <div class="text-gray-300">{ row.c }</div></td>
[14:04:00.472] tu-trader-sv:build: 12:04:00 PM [vite-plugin-svelte] src/components/BacktestTable.svelte:41:36 The scope attribute should only be used with `<th>` elements
[14:04:00.472] tu-trader-sv:build: 39:                                 </td>
[14:04:00.472] tu-trader-sv:build: 40:                                 <td scope="col"> <span class={row.side.class}>{row.side.value}</span></td>
[14:04:00.472] tu-trader-sv:build: 41:                                 <td scope="col"> <div>{ row.fill }</div>
[14:04:00.472] tu-trader-sv:build:                                                    ^
[14:04:00.472] tu-trader-sv:build: 42:                                     <div class="text-gray-300">{ row.c }</div></td>
[14:04:00.472] tu-trader-sv:build: 43:                                 <td scope="col">{ row.balance }</td>
[14:04:00.472] tu-trader-sv:build: 12:04:00 PM [vite-plugin-svelte] src/components/BacktestTable.svelte:43:36 The scope attribute should only be used with `<th>` elements
[14:04:00.473] tu-trader-sv:build: 41:                                 <td scope="col"> <div>{ row.fill }</div>
[14:04:00.473] tu-trader-sv:build: 42:                                     <div class="text-gray-300">{ row.c }</div></td>
[14:04:00.473] tu-trader-sv:build: 43:                                 <td scope="col">{ row.balance }</td>
[14:04:00.473] tu-trader-sv:build:                                                    ^
[14:04:00.473] tu-trader-sv:build: 44:                            </tr>
[14:04:00.473] tu-trader-sv:build: 45:                            {/each}
[14:04:00.564] tu-trader-sv:build: 12:04:00 PM [vite-plugin-svelte] src/components/CointestTable.svelte:32:24 The scope attribute should only be used with `<th>` elements
[14:04:00.565] tu-trader-sv:build: 30:                     class={`bg-base-100 even:bg-base-200 border-gray-200 font-monospace`}
[14:04:00.565] tu-trader-sv:build: 31:                 >
[14:04:00.565] tu-trader-sv:build: 32:                     <td scope="col" class="">
[14:04:00.565] tu-trader-sv:build:                                        ^
[14:04:00.566] tu-trader-sv:build: 33:                         <div class="text-gray-100 fw-6">Ind: { i }</div>
[14:04:00.566] tu-trader-sv:build: 34:                     </td>
[14:04:00.566] tu-trader-sv:build: 12:04:00 PM [vite-plugin-svelte] src/components/CointestTable.svelte:35:24 The scope attribute should only be used with `<th>` elements
[14:04:00.566] tu-trader-sv:build: 33:                         <div class="text-gray-100 fw-6">Ind: { i }</div>
[14:04:00.566] tu-trader-sv:build: 34:                     </td>
[14:04:00.566] tu-trader-sv:build: 35:                     <td scope="col" class="px-6 py-3 font-monospace">
[14:04:00.566] tu-trader-sv:build:                                        ^
[14:04:00.566] tu-trader-sv:build: 36:                         <div class="text-gray-300">{ row.pair }</div>
[14:04:00.566] tu-trader-sv:build: 37:                     </td>
[14:04:00.566] tu-trader-sv:build: 12:04:00 PM [vite-plugin-svelte] src/components/CointestTable.svelte:39:24 The scope attribute should only be used with `<th>` elements
[14:04:00.566] tu-trader-sv:build: 37:                     </td>
[14:04:00.567] tu-trader-sv:build: 38:                    
[14:04:00.567] tu-trader-sv:build: 39:                     <td scope="col">
[14:04:00.567] tu-trader-sv:build:                                        ^
[14:04:00.567] tu-trader-sv:build: 40:                         <span title={`ZAR ${_format(toZAR(row.profit))}`} class="text-gray-300">USDT { _format(row.profit)}</span>
[14:04:00.567] tu-trader-sv:build: 41:                     </td>
[14:04:00.567] tu-trader-sv:build: 12:04:00 PM [vite-plugin-svelte] src/components/CointestTable.svelte:42:25 The scope attribute should only be used with `<th>` elements
[14:04:00.567] tu-trader-sv:build: 40:                         <span title={`ZAR ${_format(toZAR(row.profit))}`} class="text-gray-300">USDT { _format(row.profit)}</span>
[14:04:00.567] tu-trader-sv:build: 41:                     </td>
[14:04:00.567] tu-trader-sv:build: 42:                      <td scope="col">
[14:04:00.567] tu-trader-sv:build:                                         ^
[14:04:00.567] tu-trader-sv:build: 43:                         <span>{ row.trades }</span>
[14:04:00.567] tu-trader-sv:build: 44:                     </td>
[14:04:00.567] tu-trader-sv:build: 12:04:00 PM [vite-plugin-svelte] src/components/CointestTable.svelte:45:24 The scope attribute should only be used with `<th>` elements
[14:04:00.567] tu-trader-sv:build: 43:                         <span>{ row.trades }</span>
[14:04:00.567] tu-trader-sv:build: 44:                     </td>
[14:04:00.568] tu-trader-sv:build: 45:                     <td scope="col">
[14:04:00.568] tu-trader-sv:build:                                        ^
[14:04:00.568] tu-trader-sv:build: 46:                         <span>{ row.w }</span>
[14:04:00.568] tu-trader-sv:build: 47:                     </td>
[14:04:00.568] tu-trader-sv:build: 12:04:00 PM [vite-plugin-svelte] src/components/CointestTable.svelte:48:24 The scope attribute should only be used with `<th>` elements
[14:04:00.568] tu-trader-sv:build: 46:                         <span>{ row.w }</span>
[14:04:00.568] tu-trader-sv:build: 47:                     </td>
[14:04:00.568] tu-trader-sv:build: 48:                     <td scope="col">
[14:04:00.568] tu-trader-sv:build:                                        ^
[14:04:00.568] tu-trader-sv:build: 49:                         <span>{ row.l }</span>
[14:04:00.568] tu-trader-sv:build: 50:                     </td>
[14:04:00.568] tu-trader-sv:build: 12:04:00 PM [vite-plugin-svelte] src/components/CointestTable.svelte:51:24 The scope attribute should only be used with `<th>` elements
[14:04:00.568] tu-trader-sv:build: 49:                         <span>{ row.l }</span>
[14:04:00.568] tu-trader-sv:build: 50:                     </td>
[14:04:00.569] tu-trader-sv:build: 51:                     <td scope="col">
[14:04:00.569] tu-trader-sv:build:                                        ^
[14:04:00.569] tu-trader-sv:build: 52:                         <span title={`ZAR ${_format(toZAR(row.aside))}`} class="text-gray-300">USDT { _format(row.aside) }</span>
[14:04:00.569] tu-trader-sv:build: 53:                     </td>
[14:04:04.753] tu-trader-sv:build: [1m[33m[plugin:vite:resolve][39m[22m [33m[plugin vite:resolve] Module "path" has been externalized for browser compatibility, imported by "/vercel/path0/node_modules/dotenv/lib/main.js". See https://vitejs.dev/guide/troubleshooting.html#module-externalized-for-browser-compatibility for more details.[39m
[14:04:04.754] tu-trader-sv:build: [1m[33m[plugin:vite:resolve][39m[22m [33m[plugin vite:resolve] Module "os" has been externalized for browser compatibility, imported by "/vercel/path0/node_modules/dotenv/lib/main.js". See https://vitejs.dev/guide/troubleshooting.html#module-externalized-for-browser-compatibility for more details.[39m
[14:04:04.754] tu-trader-sv:build: [1m[33m[plugin:vite:resolve][39m[22m [33m[plugin vite:resolve] Module "crypto" has been externalized for browser compatibility, imported by "/vercel/path0/node_modules/dotenv/lib/main.js". See https://vitejs.dev/guide/troubleshooting.html#module-externalized-for-browser-compatibility for more details.[39m
[14:04:07.451] tu-trader-sv:build: [32m✓[39m 579 modules transformed.
[14:04:07.669] tu-trader-sv:build: rendering chunks...
[14:04:09.050] tu-trader-sv:build: computing gzip size...
[14:04:09.108] tu-trader-sv:build: [2m.svelte-kit/output/client/[22m[32m_app/version.json                                                      [39m[1m[2m    0.03 kB[22m[1m[22m[2m │ gzip:   0.05 kB[22m
[14:04:09.108] tu-trader-sv:build: [2m.svelte-kit/output/client/[22m[32m_app/immutable/assets/dm-sans-15.D1bw2c55.woff2                        [39m[1m[2m   18.12 kB[22m[1m[22m
[14:04:09.109] tu-trader-sv:build: [2m.svelte-kit/output/client/[22m[32m_app/immutable/assets/dm-sans-1.D2Ainu0q.woff2                         [39m[1m[2m   20.52 kB[22m[1m[22m
[14:04:09.109] tu-trader-sv:build: [2m.svelte-kit/output/client/[22m[32m.vite/manifest.json                                                    [39m[1m[2m   22.82 kB[22m[1m[22m[2m │ gzip:   2.59 kB[22m
[14:04:09.109] tu-trader-sv:build: [2m.svelte-kit/output/client/[22m[32m_app/immutable/assets/dm-sans-16.DeBecvsH.woff2                        [39m[1m[2m   36.85 kB[22m[1m[22m
[14:04:09.110] tu-trader-sv:build: [2m.svelte-kit/output/client/[22m[32m_app/immutable/assets/uicons-brands-XJPKRNBN.CVjjhO5D.woff2            [39m[1m[2m   37.14 kB[22m[1m[22m
[14:04:09.110] tu-trader-sv:build: [2m.svelte-kit/output/client/[22m[32m_app/immutable/assets/dm-sans-2.D36YPPvt.woff2                         [39m[1m[2m   39.66 kB[22m[1m[22m
[14:04:09.110] tu-trader-sv:build: [2m.svelte-kit/output/client/[22m[32m_app/immutable/assets/uicons-brands-PQBQF6T3.ZvaM12gK.woff             [39m[1m[2m   44.08 kB[22m[1m[22m
[14:04:09.110] tu-trader-sv:build: [2m.svelte-kit/output/client/[22m[32m_app/immutable/assets/uicons-brands-ZJWE2ELA.D_FYefc8.eot              [39m[1m[2m   78.82 kB[22m[1m[22m
[14:04:09.111] tu-trader-sv:build: [2m.svelte-kit/output/client/[22m[32m_app/immutable/assets/uicons-solid-straight-4DZ3VA4V.h_sLUC1L.woff2    [39m[1m[2m  252.31 kB[22m[1m[22m
[14:04:09.111] tu-trader-sv:build: [2m.svelte-kit/output/client/[22m[32m_app/immutable/assets/uicons-bold-straight-3JAZKD6K.DF5T9rkJ.woff2     [39m[1m[2m  280.74 kB[22m[1m[22m
[14:04:09.111] tu-trader-sv:build: [2m.svelte-kit/output/client/[22m[32m_app/immutable/assets/uicons-regular-straight-2I3O25UC.BTo29w1U.woff2  [39m[1m[2m  303.44 kB[22m[1m[22m
[14:04:09.111] tu-trader-sv:build: [2m.svelte-kit/output/client/[22m[32m_app/immutable/assets/uicons-thin-straight-2YUSDJEW.CsoAIjOq.woff2     [39m[1m[2m  319.18 kB[22m[1m[22m
[14:04:09.112] tu-trader-sv:build: [2m.svelte-kit/output/client/[22m[32m_app/immutable/assets/uicons-solid-rounded-IYSBBSWN.CdPka4yL.woff2     [39m[1m[2m  321.28 kB[22m[1m[22m
[14:04:09.112] tu-trader-sv:build: [2m.svelte-kit/output/client/[22m[32m_app/immutable/assets/uicons-solid-straight-ITFA7HIK.D8xIydPE.woff     [39m[1m[2m  336.27 kB[22m[1m[22m
[14:04:09.112] tu-trader-sv:build: [2m.svelte-kit/output/client/[22m[32m_app/immutable/assets/uicons-bold-rounded-MQNABNC6.BFPrIFeu.woff2      [39m[1m[2m  358.87 kB[22m[1m[22m
[14:04:09.112] tu-trader-sv:build: [2m.svelte-kit/output/client/[22m[32m_app/immutable/assets/uicons-bold-straight-3S6L5GRX.DAPajFpj.woff      [39m[1m[2m  373.72 kB[22m[1m[22m
[14:04:09.113] tu-trader-sv:build: [2m.svelte-kit/output/client/[22m[32m_app/immutable/assets/uicons-regular-rounded-J3WOUERV.0sU45oCT.woff2   [39m[1m[2m  385.64 kB[22m[1m[22m
[14:04:09.113] tu-trader-sv:build: [2m.svelte-kit/output/client/[22m[32m_app/immutable/assets/uicons-thin-rounded-HOOVQNVT.B_5QepV7.woff2      [39m[1m[2m  401.51 kB[22m[1m[22m
[14:04:09.113] tu-trader-sv:build: [2m.svelte-kit/output/client/[22m[32m_app/immutable/assets/uicons-regular-straight-AFQI6GFM.DphnoBbK.woff   [39m[1m[2m  406.86 kB[22m[1m[22m
[14:04:09.113] tu-trader-sv:build: [2m.svelte-kit/output/client/[22m[32m_app/immutable/assets/uicons-thin-straight-JPCGBQEF.BJdfCOa8.woff      [39m[1m[2m  425.84 kB[22m[1m[22m
[14:04:09.113] tu-trader-sv:build: [2m.svelte-kit/output/client/[22m[32m_app/immutable/assets/uicons-solid-rounded-UWVI4CEC.BquqBmA0.woff      [39m[1m[2m  428.62 kB[22m[1m[22m
[14:04:09.114] tu-trader-sv:build: [2m.svelte-kit/output/client/[22m[32m_app/immutable/assets/uicons-bold-rounded-UTQQXXF3.DiPEwy3H.woff       [39m[1m[2m  479.90 kB[22m[1m[22m
[14:04:09.114] tu-trader-sv:build: [2m.svelte-kit/output/client/[22m[32m_app/immutable/assets/uicons-regular-rounded-KDJ23353.YBToKgOV.woff    [39m[1m[2m  521.88 kB[22m[1m[22m
[14:04:09.114] tu-trader-sv:build: [2m.svelte-kit/output/client/[22m[32m_app/immutable/assets/uicons-thin-rounded-IJXIJK3M.CItu6v1o.woff       [39m[1m[2m  541.49 kB[22m[1m[22m
[14:04:09.114] tu-trader-sv:build: [2m.svelte-kit/output/client/[22m[32m_app/immutable/assets/uicons-solid-straight-W4CCEH4W.tgviSdRN.eot      [39m[1m[2m  674.51 kB[22m[1m[22m
[14:04:09.115] tu-trader-sv:build: [2m.svelte-kit/output/client/[22m[32m_app/immutable/assets/uicons-bold-straight-UHOZTY66.DoXE16tO.eot       [39m[1m[2m  744.73 kB[22m[1m[22m
[14:04:09.115] tu-trader-sv:build: [2m.svelte-kit/output/client/[22m[32m_app/immutable/assets/uicons-regular-straight-E4NUVXFC.BEgV9gQl.eot    [39m[1m[2m  816.10 kB[22m[1m[22m
[14:04:09.115] tu-trader-sv:build: [2m.svelte-kit/output/client/[22m[32m_app/immutable/assets/uicons-thin-straight-X52T7FDE.Bg9ou2wq.eot       [39m[1m[2m  850.89 kB[22m[1m[22m
[14:04:09.115] tu-trader-sv:build: [2m.svelte-kit/output/client/[22m[32m_app/immutable/assets/uicons-solid-rounded-N5CQNTC6.D6eJ0FUi.eot       [39m[1m[2m  890.91 kB[22m[1m[22m
[14:04:09.115] tu-trader-sv:build: [2m.svelte-kit/output/client/[22m[32m_app/immutable/assets/uicons-bold-rounded-CPL6VNRV.C7vERUOv.eot        [39m[1m[2m  995.11 kB[22m[1m[22m
[14:04:09.115] tu-trader-sv:build: [2m.svelte-kit/output/client/[22m[32m_app/immutable/assets/uicons-regular-rounded-ESQGLQQ4.oBMUkbc4.eot     [39m[1m[2m1,092.77 kB[22m[1m[22m
[14:04:09.116] tu-trader-sv:build: [2m.svelte-kit/output/client/[22m[32m_app/immutable/assets/uicons-thin-rounded-LFWVTX5C.DyD7TVbU.eot        [39m[1m[2m1,133.41 kB[22m[1m[22m
[14:04:09.116] tu-trader-sv:build: [2m.svelte-kit/output/client/[22m[35m_app/immutable/assets/5.B_SY1GJM.css                                   [39m[1m[2m    0.00 kB[22m[1m[22m[2m │ gzip:   0.02 kB[22m
[14:04:09.116] tu-trader-sv:build: [2m.svelte-kit/output/client/[22m[35m_app/immutable/assets/CtxMenu2.DbOOzkh2.css                            [39m[1m[2m    0.04 kB[22m[1m[22m[2m │ gzip:   0.06 kB[22m
[14:04:09.116] tu-trader-sv:build: [2m.svelte-kit/output/client/[22m[35m_app/immutable/assets/TuStats.P1q8qSno.css                             [39m[1m[2m    0.05 kB[22m[1m[22m[2m │ gzip:   0.07 kB[22m
[14:04:09.117] tu-trader-sv:build: [2m.svelte-kit/output/client/[22m[35m_app/immutable/assets/CtxMenu.BPt19JaF.css                             [39m[1m[2m    0.07 kB[22m[1m[22m[2m │ gzip:   0.07 kB[22m
[14:04:09.117] tu-trader-sv:build: [2m.svelte-kit/output/client/[22m[35m_app/immutable/assets/UDivider.CtSuDYZU.css                            [39m[1m[2m   23.69 kB[22m[1m[22m[2m │ gzip:   4.76 kB[22m
[14:04:09.117] tu-trader-sv:build: [2m.svelte-kit/output/client/[22m[35m_app/immutable/assets/0.BdTOtdpC.css                                   [39m[1m[2m1,987.39 kB[22m[1m[22m[2m │ gzip: 332.79 kB[22m
[14:04:09.117] tu-trader-sv:build: [2m.svelte-kit/output/client/[22m[36m_app/immutable/entry/start.B16Io-Wz.js                                 [39m[1m[2m    0.07 kB[22m[1m[22m[2m │ gzip:   0.08 kB[22m
[14:04:09.117] tu-trader-sv:build: [2m.svelte-kit/output/client/[22m[36m_app/immutable/chunks/shared.CJZAs_Vq.js                               [39m[1m[2m    0.16 kB[22m[1m[22m[2m │ gzip:   0.15 kB[22m
[14:04:09.118] tu-trader-sv:build: [2m.svelte-kit/output/client/[22m[36m_app/immutable/chunks/functions.DVBf-tUv.js                            [39m[1m[2m    0.30 kB[22m[1m[22m[2m │ gzip:   0.24 kB[22m
[14:04:09.120] tu-trader-sv:build: [2m.svelte-kit/output/client/[22m[36m_app/immutable/chunks/this.IBvZtyel.js                                 [39m[1m[2m    0.32 kB[22m[1m[22m[2m │ gzip:   0.23 kB[22m
[14:04:09.121] tu-trader-sv:build: [2m.svelte-kit/output/client/[22m[36m_app/immutable/chunks/control.CYgJF_JY.js                              [39m[1m[2m    0.34 kB[22m[1m[22m[2m │ gzip:   0.21 kB[22m
[14:04:09.121] tu-trader-sv:build: [2m.svelte-kit/output/client/[22m[36m_app/immutable/chunks/lifecycle.Dy2ooKJL.js                            [39m[1m[2m    0.52 kB[22m[1m[22m[2m │ gzip:   0.33 kB[22m
[14:04:09.122] tu-trader-sv:build: [2m.svelte-kit/output/client/[22m[36m_app/immutable/nodes/1.HiV9ve6o.js                                     [39m[1m[2m    0.54 kB[22m[1m[22m[2m │ gzip:   0.36 kB[22m
[14:04:09.122] tu-trader-sv:build: [2m.svelte-kit/output/client/[22m[36m_app/immutable/chunks/input.Cdv9URbO.js                                [39m[1m[2m    0.59 kB[22m[1m[22m[2m │ gzip:   0.35 kB[22m
[14:04:09.122] tu-trader-sv:build: [2m.svelte-kit/output/client/[22m[36m_app/immutable/chunks/UButton.Dfx23oAt.js                              [39m[1m[2m    0.64 kB[22m[1m[22m[2m │ gzip:   0.42 kB[22m
[14:04:09.122] tu-trader-sv:build: [2m.svelte-kit/output/client/[22m[36m_app/immutable/nodes/4.arPsQnJ3.js                                     [39m[1m[2m    0.73 kB[22m[1m[22m[2m │ gzip:   0.49 kB[22m
[14:04:09.122] tu-trader-sv:build: [2m.svelte-kit/output/client/[22m[36m_app/immutable/chunks/index-client.DBACCfce.js                         [39m[1m[2m    0.74 kB[22m[1m[22m[2m │ gzip:   0.47 kB[22m
[14:04:09.122] tu-trader-sv:build: [2m.svelte-kit/output/client/[22m[36m_app/immutable/nodes/3.Cgvazjw0.js                                     [39m[1m[2m    0.75 kB[22m[1m[22m[2m │ gzip:   0.50 kB[22m
[14:04:09.122] tu-trader-sv:build: [2m.svelte-kit/output/client/[22m[36m_app/immutable/chunks/stores.APyzKtxl.js                               [39m[1m[2m    0.78 kB[22m[1m[22m[2m │ gzip:   0.41 kB[22m
[14:04:09.122] tu-trader-sv:build: [2m.svelte-kit/output/client/[22m[36m_app/immutable/nodes/2.BEFDm8d7.js                                     [39m[1m[2m    1.17 kB[22m[1m[22m[2m │ gzip:   0.73 kB[22m
[14:04:09.123] tu-trader-sv:build: [2m.svelte-kit/output/client/[22m[36m_app/immutable/chunks/CtxMenu2.CX5bSGHg.js                             [39m[1m[2m    1.81 kB[22m[1m[22m[2m │ gzip:   1.05 kB[22m
[14:04:09.123] tu-trader-sv:build: [2m.svelte-kit/output/client/[22m[36m_app/immutable/chunks/UForm.ww0DZjyq.js                                [39m[1m[2m    2.13 kB[22m[1m[22m[2m │ gzip:   1.06 kB[22m
[14:04:09.123] tu-trader-sv:build: [2m.svelte-kit/output/client/[22m[36m_app/immutable/chunks/props.A_QEGEzi.js                                [39m[1m[2m    2.13 kB[22m[1m[22m[2m │ gzip:   1.01 kB[22m
[14:04:09.123] tu-trader-sv:build: [2m.svelte-kit/output/client/[22m[36m_app/immutable/chunks/proxy.Bvdu5Kys.js                                [39m[1m[2m    2.20 kB[22m[1m[22m[2m │ gzip:   1.02 kB[22m
[14:04:09.123] tu-trader-sv:build: [2m.svelte-kit/output/client/[22m[36m_app/immutable/nodes/6.Bx0jiqMk.js                                     [39m[1m[2m    2.39 kB[22m[1m[22m[2m │ gzip:   1.27 kB[22m
[14:04:09.123] tu-trader-sv:build: [2m.svelte-kit/output/client/[22m[36m_app/immutable/chunks/attributes.DpApt2Pp.js                           [39m[1m[2m    2.45 kB[22m[1m[22m[2m │ gzip:   1.27 kB[22m
[14:04:09.123] tu-trader-sv:build: [2m.svelte-kit/output/client/[22m[36m_app/immutable/nodes/7.eOB_aPnp.js                                     [39m[1m[2m    2.79 kB[22m[1m[22m[2m │ gzip:   1.25 kB[22m
[14:04:09.123] tu-trader-sv:build: [2m.svelte-kit/output/client/[22m[36m_app/immutable/chunks/disclose-version.DnflbJ8j.js                     [39m[1m[2m    4.62 kB[22m[1m[22m[2m │ gzip:   2.24 kB[22m
[14:04:09.124] tu-trader-sv:build: [2m.svelte-kit/output/client/[22m[36m_app/immutable/entry/app.DZepsJPs.js                                   [39m[1m[2m    7.28 kB[22m[1m[22m[2m │ gzip:   3.25 kB[22m
[14:04:09.124] tu-trader-sv:build: [2m.svelte-kit/output/client/[22m[36m_app/immutable/chunks/TMeta.VViZtXsJ.js                                [39m[1m[2m    7.74 kB[22m[1m[22m[2m │ gzip:   3.55 kB[22m
[14:04:09.124] tu-trader-sv:build: [2m.svelte-kit/output/client/[22m[36m_app/immutable/nodes/0.OJ_Q7FEY.js                                     [39m[1m[2m    7.91 kB[22m[1m[22m[2m │ gzip:   3.15 kB[22m
[14:04:09.124] tu-trader-sv:build: [2m.svelte-kit/output/client/[22m[36m_app/immutable/chunks/TuStats.DPzbxy4t.js                              [39m[1m[2m   10.33 kB[22m[1m[22m[2m │ gzip:   4.58 kB[22m
[14:04:09.124] tu-trader-sv:build: [2m.svelte-kit/output/client/[22m[36m_app/immutable/nodes/8.DAD_CND4.js                                     [39m[1m[2m   11.37 kB[22m[1m[22m[2m │ gzip:   4.26 kB[22m
[14:04:09.124] tu-trader-sv:build: [2m.svelte-kit/output/client/[22m[36m_app/immutable/nodes/5.DIPvOT20.js                                     [39m[1m[2m   11.73 kB[22m[1m[22m[2m │ gzip:   4.52 kB[22m
[14:04:09.124] tu-trader-sv:build: [2m.svelte-kit/output/client/[22m[36m_app/immutable/chunks/runtime.DyMFSCc_.js                              [39m[1m[2m   11.98 kB[22m[1m[22m[2m │ gzip:   4.90 kB[22m
[14:04:09.124] tu-trader-sv:build: [2m.svelte-kit/output/client/[22m[36m_app/immutable/chunks/UDivider.DwetBMT8.js                             [39m[1m[2m   23.38 kB[22m[1m[22m[2m │ gzip:   7.13 kB[22m
[14:04:09.125] tu-trader-sv:build: [2m.svelte-kit/output/client/[22m[36m_app/immutable/chunks/entry.ChdHQh5c.js                                [39m[1m[2m   28.40 kB[22m[1m[22m[2m │ gzip:  11.23 kB[22m
[14:04:09.125] tu-trader-sv:build: [2m.svelte-kit/output/client/[22m[36m_app/immutable/chunks/api.Bkt_FB_X.js                                  [39m[1m[2m   35.24 kB[22m[1m[22m[2m │ gzip:  14.20 kB[22m
[14:04:09.126] tu-trader-sv:build: [2m.svelte-kit/output/client/[22m[36m_app/immutable/chunks/CtxMenu.BLAegRV-.js                              [39m[1m[2m   91.01 kB[22m[1m[22m[2m │ gzip:  33.04 kB[22m
[14:04:09.126] tu-trader-sv:build: [2m.svelte-kit/output/client/[22m[36m_app/immutable/chunks/_commonjsHelpers.BwY55xxm.js                     [39m[1m[2m  465.69 kB[22m[1m[22m[2m │ gzip:  35.70 kB[22m
[14:04:09.126] tu-trader-sv:build: [32m✓ built in 16.82s[39m
[14:04:09.615] tu-trader-sv:build: [2m.svelte-kit/output/server/[22m[32m_app/immutable/assets/dm-sans-15.D1bw2c55.woff2                        [39m[1m[2m    18.12 kB[22m[1m[22m
[14:04:09.615] tu-trader-sv:build: [2m.svelte-kit/output/server/[22m[32m.vite/manifest.json                                                    [39m[1m[2m    19.37 kB[22m[1m[22m
[14:04:09.615] tu-trader-sv:build: [2m.svelte-kit/output/server/[22m[32m_app/immutable/assets/dm-sans-1.D2Ainu0q.woff2                         [39m[1m[2m    20.52 kB[22m[1m[22m
[14:04:09.616] tu-trader-sv:build: [2m.svelte-kit/output/server/[22m[32m_app/immutable/assets/dm-sans-16.DeBecvsH.woff2                        [39m[1m[2m    36.85 kB[22m[1m[22m
[14:04:09.616] tu-trader-sv:build: [2m.svelte-kit/output/server/[22m[32m_app/immutable/assets/uicons-brands-XJPKRNBN.CVjjhO5D.woff2            [39m[1m[2m    37.14 kB[22m[1m[22m
[14:04:09.616] tu-trader-sv:build: [2m.svelte-kit/output/server/[22m[32m_app/immutable/assets/dm-sans-2.D36YPPvt.woff2                         [39m[1m[2m    39.66 kB[22m[1m[22m
[14:04:09.616] tu-trader-sv:build: [2m.svelte-kit/output/server/[22m[32m_app/immutable/assets/uicons-brands-PQBQF6T3.ZvaM12gK.woff             [39m[1m[2m    44.08 kB[22m[1m[22m
[14:04:09.616] tu-trader-sv:build: [2m.svelte-kit/output/server/[22m[32m_app/immutable/assets/uicons-brands-ZJWE2ELA.D_FYefc8.eot              [39m[1m[2m    78.82 kB[22m[1m[22m
[14:04:09.617] tu-trader-sv:build: [2m.svelte-kit/output/server/[22m[32m_app/immutable/assets/uicons-solid-straight-4DZ3VA4V.h_sLUC1L.woff2    [39m[1m[2m   252.31 kB[22m[1m[22m
[14:04:09.617] tu-trader-sv:build: [2m.svelte-kit/output/server/[22m[32m_app/immutable/assets/uicons-bold-straight-3JAZKD6K.DF5T9rkJ.woff2     [39m[1m[2m   280.74 kB[22m[1m[22m
[14:04:09.617] tu-trader-sv:build: [2m.svelte-kit/output/server/[22m[32m_app/immutable/assets/uicons-regular-straight-2I3O25UC.BTo29w1U.woff2  [39m[1m[2m   303.44 kB[22m[1m[22m
[14:04:09.617] tu-trader-sv:build: [2m.svelte-kit/output/server/[22m[32m_app/immutable/assets/uicons-thin-straight-2YUSDJEW.CsoAIjOq.woff2     [39m[1m[2m   319.18 kB[22m[1m[22m
[14:04:09.617] tu-trader-sv:build: [2m.svelte-kit/output/server/[22m[32m_app/immutable/assets/uicons-solid-rounded-IYSBBSWN.CdPka4yL.woff2     [39m[1m[2m   321.28 kB[22m[1m[22m
[14:04:09.617] tu-trader-sv:build: [2m.svelte-kit/output/server/[22m[32m_app/immutable/assets/uicons-solid-straight-ITFA7HIK.D8xIydPE.woff     [39m[1m[2m   336.27 kB[22m[1m[22m
[14:04:09.617] tu-trader-sv:build: [2m.svelte-kit/output/server/[22m[32m_app/immutable/assets/uicons-bold-rounded-MQNABNC6.BFPrIFeu.woff2      [39m[1m[2m   358.87 kB[22m[1m[22m
[14:04:09.618] tu-trader-sv:build: [2m.svelte-kit/output/server/[22m[32m_app/immutable/assets/uicons-bold-straight-3S6L5GRX.DAPajFpj.woff      [39m[1m[2m   373.72 kB[22m[1m[22m
[14:04:09.618] tu-trader-sv:build: [2m.svelte-kit/output/server/[22m[32m_app/immutable/assets/uicons-regular-rounded-J3WOUERV.0sU45oCT.woff2   [39m[1m[2m   385.64 kB[22m[1m[22m
[14:04:09.618] tu-trader-sv:build: [2m.svelte-kit/output/server/[22m[32m_app/immutable/assets/uicons-thin-rounded-HOOVQNVT.B_5QepV7.woff2      [39m[1m[2m   401.51 kB[22m[1m[22m
[14:04:09.618] tu-trader-sv:build: [2m.svelte-kit/output/server/[22m[32m_app/immutable/assets/uicons-regular-straight-AFQI6GFM.DphnoBbK.woff   [39m[1m[2m   406.86 kB[22m[1m[22m
[14:04:09.618] tu-trader-sv:build: [2m.svelte-kit/output/server/[22m[32m_app/immutable/assets/uicons-thin-straight-JPCGBQEF.BJdfCOa8.woff      [39m[1m[2m   425.84 kB[22m[1m[22m
[14:04:09.618] tu-trader-sv:build: [2m.svelte-kit/output/server/[22m[32m_app/immutable/assets/uicons-solid-rounded-UWVI4CEC.BquqBmA0.woff      [39m[1m[2m   428.62 kB[22m[1m[22m
[14:04:09.618] tu-trader-sv:build: [2m.svelte-kit/output/server/[22m[32m_app/immutable/assets/uicons-bold-rounded-UTQQXXF3.DiPEwy3H.woff       [39m[1m[2m   479.90 kB[22m[1m[22m
[14:04:09.619] tu-trader-sv:build: [2m.svelte-kit/output/server/[22m[32m_app/immutable/assets/uicons-regular-rounded-KDJ23353.YBToKgOV.woff    [39m[1m[2m   521.88 kB[22m[1m[22m
[14:04:09.619] tu-trader-sv:build: [2m.svelte-kit/output/server/[22m[32m_app/immutable/assets/uicons-thin-rounded-IJXIJK3M.CItu6v1o.woff       [39m[1m[2m   541.49 kB[22m[1m[22m
[14:04:09.619] tu-trader-sv:build: [2m.svelte-kit/output/server/[22m[32m_app/immutable/assets/uicons-solid-straight-W4CCEH4W.tgviSdRN.eot      [39m[1m[2m   674.51 kB[22m[1m[22m
[14:04:09.619] tu-trader-sv:build: [2m.svelte-kit/output/server/[22m[32m_app/immutable/assets/uicons-bold-straight-UHOZTY66.DoXE16tO.eot       [39m[1m[2m   744.73 kB[22m[1m[22m
[14:04:09.619] tu-trader-sv:build: [2m.svelte-kit/output/server/[22m[32m_app/immutable/assets/uicons-regular-straight-E4NUVXFC.BEgV9gQl.eot    [39m[1m[2m   816.10 kB[22m[1m[22m
[14:04:09.619] tu-trader-sv:build: [2m.svelte-kit/output/server/[22m[32m_app/immutable/assets/uicons-thin-straight-X52T7FDE.Bg9ou2wq.eot       [39m[1m[2m   850.89 kB[22m[1m[22m
[14:04:09.619] tu-trader-sv:build: [2m.svelte-kit/output/server/[22m[32m_app/immutable/assets/uicons-solid-rounded-N5CQNTC6.D6eJ0FUi.eot       [39m[1m[2m   890.91 kB[22m[1m[22m
[14:04:09.619] tu-trader-sv:build: [2m.svelte-kit/output/server/[22m[32m_app/immutable/assets/uicons-bold-rounded-CPL6VNRV.C7vERUOv.eot        [39m[1m[2m   995.11 kB[22m[1m[22m
[14:04:09.619] tu-trader-sv:build: [2m.svelte-kit/output/server/[22m[32m_app/immutable/assets/uicons-regular-rounded-ESQGLQQ4.oBMUkbc4.eot     [39m[1m[2m 1,092.77 kB[22m[1m[22m
[14:04:09.620] tu-trader-sv:build: [2m.svelte-kit/output/server/[22m[32m_app/immutable/assets/uicons-thin-rounded-LFWVTX5C.DyD7TVbU.eot        [39m[1m[2m 1,133.41 kB[22m[1m[22m
[14:04:09.620] tu-trader-sv:build: [2m.svelte-kit/output/server/[22m[35m_app/immutable/assets/_page.B_SY1GJM.css                               [39m[1m[2m     0.00 kB[22m[1m[22m
[14:04:09.620] tu-trader-sv:build: [2m.svelte-kit/output/server/[22m[35m_app/immutable/assets/CtxMenu2.DbOOzkh2.css                            [39m[1m[2m     0.04 kB[22m[1m[22m
[14:04:09.620] tu-trader-sv:build: [2m.svelte-kit/output/server/[22m[35m_app/immutable/assets/TuSelect.P1q8qSno.css                            [39m[1m[2m     0.05 kB[22m[1m[22m
[14:04:09.620] tu-trader-sv:build: [2m.svelte-kit/output/server/[22m[35m_app/immutable/assets/CtxBody.BPt19JaF.css                             [39m[1m[2m     0.07 kB[22m[1m[22m
[14:04:09.620] tu-trader-sv:build: [2m.svelte-kit/output/server/[22m[35m_app/immutable/assets/UDivider.D6cYFZnO.css                            [39m[1m[2m    23.66 kB[22m[1m[22m
[14:04:09.620] tu-trader-sv:build: [2m.svelte-kit/output/server/[22m[35m_app/immutable/assets/_layout.C9X-dTmj.css                             [39m[1m[2m 1,988.39 kB[22m[1m[22m
[14:04:09.620] tu-trader-sv:build: [2m.svelte-kit/output/server/[22m[36mentries/pages/about/_page.ts.js                                        [39m[1m[2m     0.08 kB[22m[1m[22m
[14:04:09.621] tu-trader-sv:build: [2m.svelte-kit/output/server/[22m[36mchunks/CtxBody.svelte_svelte_type_style_lang.js                        [39m[1m[2m     0.13 kB[22m[1m[22m
[14:04:09.621] tu-trader-sv:build: [2m.svelte-kit/output/server/[22m[36mentries/endpoints/api/hello/_server.ts.js                              [39m[1m[2m     0.21 kB[22m[1m[22m
[14:04:09.621] tu-trader-sv:build: [2m.svelte-kit/output/server/[22m[36mentries/pages/@_username_/_page.ts.js                                  [39m[1m[2m     0.26 kB[22m[1m[22m
[14:04:09.621] tu-trader-sv:build: [2m.svelte-kit/output/server/[22m[36mentries/pages/about/_page.svelte.js                                    [39m[1m[2m     0.28 kB[22m[1m[22m
[14:04:09.621] tu-trader-sv:build: [2m.svelte-kit/output/server/[22m[36minternal.js                                                            [39m[1m[2m     0.31 kB[22m[1m[22m
[14:04:09.621] tu-trader-sv:build: [2m.svelte-kit/output/server/[22m[36mentries/pages/@_username_/_page.svelte.js                              [39m[1m[2m     0.34 kB[22m[1m[22m
[14:04:09.621] tu-trader-sv:build: [2m.svelte-kit/output/server/[22m[36mchunks/api.js                                                          [39m[1m[2m     0.42 kB[22m[1m[22m
[14:04:09.621] tu-trader-sv:build: [2m.svelte-kit/output/server/[22m[36mchunks/UButton.js                                                      [39m[1m[2m     0.45 kB[22m[1m[22m
[14:04:09.621] tu-trader-sv:build: [2m.svelte-kit/output/server/[22m[36mchunks/consts3.js                                                      [39m[1m[2m     0.46 kB[22m[1m[22m
[14:04:09.622] tu-trader-sv:build: [2m.svelte-kit/output/server/[22m[36mentries/fallbacks/error.svelte.js                                      [39m[1m[2m     0.52 kB[22m[1m[22m
[14:04:09.622] tu-trader-sv:build: [2m.svelte-kit/output/server/[22m[36mentries/endpoints/api/tasks/books/_server.ts.js                        [39m[1m[2m     0.67 kB[22m[1m[22m
[14:04:09.622] tu-trader-sv:build: [2m.svelte-kit/output/server/[22m[36mchunks/stores.js                                                       [39m[1m[2m     0.78 kB[22m[1m[22m
[14:04:09.622] tu-trader-sv:build: [2m.svelte-kit/output/server/[22m[36mentries/pages/_page.svelte.js                                          [39m[1m[2m     0.92 kB[22m[1m[22m
[14:04:09.622] tu-trader-sv:build: [2m.svelte-kit/output/server/[22m[36mchunks/CtxMenu2.js                                                     [39m[1m[2m     1.06 kB[22m[1m[22m
[14:04:09.622] tu-trader-sv:build: [2m.svelte-kit/output/server/[22m[36mentries/endpoints/api/auth/login/_server.ts.js                         [39m[1m[2m     1.14 kB[22m[1m[22m
[14:04:09.622] tu-trader-sv:build: [2m.svelte-kit/output/server/[22m[36mchunks/constants.js                                                    [39m[1m[2m     1.32 kB[22m[1m[22m
[14:04:09.622] tu-trader-sv:build: [2m.svelte-kit/output/server/[22m[36mchunks/hooks.server.js                                                 [39m[1m[2m     1.35 kB[22m[1m[22m
[14:04:09.623] tu-trader-sv:build: [2m.svelte-kit/output/server/[22m[36mentries/endpoints/api/convert/vue-to-jsx/_server.ts.js                 [39m[1m[2m     1.51 kB[22m[1m[22m
[14:04:09.623] tu-trader-sv:build: [2m.svelte-kit/output/server/[22m[36mchunks/TMeta.js                                                        [39m[1m[2m     1.53 kB[22m[1m[22m
[14:04:09.623] tu-trader-sv:build: [2m.svelte-kit/output/server/[22m[36mentries/endpoints/api/convert/vue-to-sv/_server.ts.js                  [39m[1m[2m     2.16 kB[22m[1m[22m
[14:04:09.623] tu-trader-sv:build: [2m.svelte-kit/output/server/[22m[36mchunks/UForm.js                                                        [39m[1m[2m     2.25 kB[22m[1m[22m
[14:04:09.623] tu-trader-sv:build: [2m.svelte-kit/output/server/[22m[36mchunks/index.js                                                        [39m[1m[2m     2.26 kB[22m[1m[22m
[14:04:09.623] tu-trader-sv:build: [2m.svelte-kit/output/server/[22m[36mentries/pages/rf/_page.svelte.js                                       [39m[1m[2m     3.78 kB[22m[1m[22m
[14:04:09.623] tu-trader-sv:build: [2m.svelte-kit/output/server/[22m[36mentries/pages/converter/vue-to-jsx/_page.svelte.js                     [39m[1m[2m     3.79 kB[22m[1m[22m
[14:04:09.623] tu-trader-sv:build: [2m.svelte-kit/output/server/[22m[36mchunks/TuSelect.js                                                     [39m[1m[2m     4.00 kB[22m[1m[22m
[14:04:09.623] tu-trader-sv:build: [2m.svelte-kit/output/server/[22m[36mchunks/UDivider.js                                                     [39m[1m[2m     5.87 kB[22m[1m[22m
[14:04:09.624] tu-trader-sv:build: [2m.svelte-kit/output/server/[22m[36mchunks/exports.js                                                      [39m[1m[2m     6.09 kB[22m[1m[22m
[14:04:09.624] tu-trader-sv:build: [2m.svelte-kit/output/server/[22m[36mchunks/functions.js                                                    [39m[1m[2m     8.11 kB[22m[1m[22m
[14:04:09.624] tu-trader-sv:build: [2m.svelte-kit/output/server/[22m[36mchunks/index2.js                                                       [39m[1m[2m     8.25 kB[22m[1m[22m
[14:04:09.624] tu-trader-sv:build: [2m.svelte-kit/output/server/[22m[36mentries/pages/_layout.svelte.js                                        [39m[1m[2m     9.20 kB[22m[1m[22m
[14:04:09.624] tu-trader-sv:build: [2m.svelte-kit/output/server/[22m[36mentries/pages/backtest/_page.svelte.js                                 [39m[1m[2m    19.57 kB[22m[1m[22m
[14:04:09.624] tu-trader-sv:build: [2m.svelte-kit/output/server/[22m[36mentries/pages/test/arbit/cross/coins/_page.svelte.js                   [39m[1m[2m    19.71 kB[22m[1m[22m
[14:04:09.624] tu-trader-sv:build: [2m.svelte-kit/output/server/[22m[36mchunks/internal.js                                                     [39m[1m[2m    38.89 kB[22m[1m[22m
[14:04:09.625] tu-trader-sv:build: [2m.svelte-kit/output/server/[22m[36mchunks/funcs4.js                                                       [39m[1m[2m    77.85 kB[22m[1m[22m
[14:04:09.625] tu-trader-sv:build: [2m.svelte-kit/output/server/[22m[36mindex.js                                                               [39m[1m[2m    92.39 kB[22m[1m[22m
[14:04:09.625] tu-trader-sv:build: [2m.svelte-kit/output/server/[22m[36mchunks/kucoin-instrus.js                                               [39m[1m[33m   560.96 kB[39m[22m
[14:04:09.630] tu-trader-sv:build: [2m.svelte-kit/output/server/[22m[36mchunks/functions2.js                                                   [39m[1m[33m10,869.46 kB[39m[22m
[14:04:09.630] tu-trader-sv:build: [32m✓ built in 39.35s[39m
[14:04:09.630] tu-trader-sv:build: 
[14:04:09.630] tu-trader-sv:build: Run npm run preview to preview your production build locally.
[14:04:09.633] tu-trader-sv:build: 
[14:04:09.633] tu-trader-sv:build: > Using @sveltejs/adapter-auto
[14:04:18.304] tu-trader-sv:build:   Warning: The following modules failed to locate dependencies that may (or may not) be required for your app to work:
[14:04:18.304] tu-trader-sv:build:   ../../node_modules/@mapbox/node-pre-gyp/lib/util/s3_setup.js
[14:04:18.305] tu-trader-sv:build:     - [1m[36mmock-aws-s3[39m[22m
[14:04:18.305] tu-trader-sv:build:     - [1m[36maws-sdk[39m[22m
[14:04:18.305] tu-trader-sv:build:     - [1m[36mnock[39m[22m
[14:04:18.305] tu-trader-sv:build:   ../../node_modules/mongodb/lib/deps.js
[14:04:18.305] tu-trader-sv:build:     - [1m[36mkerberos[39m[22m
[14:04:18.305] tu-trader-sv:build:     - [1m[36mgcp-metadata[39m[22m
[14:04:18.305] tu-trader-sv:build:     - [1m[36msnappy[39m[22m
[14:04:18.305] tu-trader-sv:build:     - [1m[36maws4[39m[22m
[14:04:18.305] tu-trader-sv:build:     - [1m[36mmongodb-client-encryption[39m[22m
[14:04:18.305] tu-trader-sv:build:     - [1m[36m@aws-sdk/credential-providers[39m[22m
[14:04:18.305] tu-trader-sv:build:     - [1m[36m@mongodb-js/zstd[39m[22m
[14:04:18.305] tu-trader-sv:build:   ../../node_modules/@mapbox/node-pre-gyp/lib/util/compile.js
[14:04:18.305] tu-trader-sv:build:     - [1m[36mnpm[39m[22m
[14:04:18.305] tu-trader-sv:build:   ../../node_modules/ws/lib/buffer-util.js
[14:04:18.305] tu-trader-sv:build:     - [1m[36mbufferutil[39m[22m
[14:04:18.305] tu-trader-sv:build:   ../../node_modules/ws/lib/validation.js
[14:04:18.305] tu-trader-sv:build:     - [1m[36mutf-8-validate[39m[22m
[14:04:18.305] tu-trader-sv:build:   ../../node_modules/bitget-api/node_modules/ws/lib/validation.js
[14:04:18.305] tu-trader-sv:build:     - [1m[36mutf-8-validate[39m[22m
[14:04:18.305] tu-trader-sv:build:   ../../node_modules/bitget-api/node_modules/ws/lib/buffer-util.js
[14:04:18.305] tu-trader-sv:build:     - [1m[36mbufferutil[39m[22m
[14:04:18.305] tu-trader-sv:build:   ../../node_modules/engine.io-client/node_modules/ws/lib/buffer-util.js
[14:04:18.305] tu-trader-sv:build:     - [1m[36mbufferutil[39m[22m
[14:04:18.305] tu-trader-sv:build:   ../../node_modules/engine.io-client/node_modules/ws/lib/validation.js
[14:04:18.305] tu-trader-sv:build:     - [1m[36mutf-8-validate[39m[22m
[14:04:18.492] tu-trader-sv:build:   ✔ done