[13:54:56.294] Running build in Washington, D.C., USA (East) – iad1
[13:54:56.449] Cloning github.com/tonnidiaz/test (Branch: sv-app, Commit: 63e0b39)
[13:54:57.223] Previous build cache not available
[13:54:58.453] Cloning completed: 2.004s
[13:55:00.541] Running "vercel build"
[13:55:00.949] Vercel CLI 38.0.0
[13:55:01.109] > Detected Turbo. Adjusting default settings...
[13:55:01.676] Running "install" command: `npm install --prefix=../..`...
[13:55:12.739] npm warn deprecated rimraf@3.0.2: Rimraf versions prior to v4 are no longer supported
[13:55:14.342] npm warn deprecated npmlog@5.0.1: This package is no longer supported.
[13:55:15.869] npm warn deprecated inflight@1.0.6: This module is not supported, and leaks memory. Do not use it. Check out lru-cache if you want a good and tested way to coalesce async requests by a key value, which is much more comprehensive and powerful.
[13:55:16.825] npm warn deprecated gauge@3.0.2: This package is no longer supported.
[13:55:18.877] npm warn deprecated critters@0.0.24: Ownership of Critters has moved to the Nuxt team, who will be maintaining the project going forward. If you'd like to keep using Critters, please switch to the actively-maintained fork at https://github.com/danielroe/beasties
[13:55:19.170] npm warn deprecated are-we-there-yet@2.0.0: This package is no longer supported.
[13:55:19.292] npm warn deprecated abab@2.0.6: Use your platform's native atob() and btoa() methods instead
[13:55:21.846] npm warn deprecated @humanwhocodes/object-schema@2.0.3: Use @eslint/object-schema instead
[13:55:21.847] npm warn deprecated @humanwhocodes/config-array@0.13.0: Use @eslint/config-array instead
[13:55:26.002] npm warn deprecated glob@7.2.3: Glob versions prior to v9 are no longer supported
[13:55:26.478] npm warn deprecated glob@7.2.3: Glob versions prior to v9 are no longer supported
[13:55:26.963] npm warn deprecated glob@7.2.3: Glob versions prior to v9 are no longer supported
[13:55:27.583] npm warn deprecated glob@7.2.3: Glob versions prior to v9 are no longer supported
[13:55:28.590] npm warn deprecated glob@7.2.3: Glob versions prior to v9 are no longer supported
[13:55:29.339] npm warn deprecated glob@7.2.3: Glob versions prior to v9 are no longer supported
[13:55:29.756] npm warn deprecated glob@7.2.3: Glob versions prior to v9 are no longer supported
[13:55:29.824] npm warn deprecated glob@8.1.0: Glob versions prior to v9 are no longer supported
[13:55:38.043] npm warn deprecated vue@2.7.16: Vue 2 has reached EOL and is no longer actively maintained. See https://v2.vuejs.org/eol/ for more details.
[13:56:13.404] 
[13:56:13.405] added 2438 packages, and audited 2503 packages in 1m
[13:56:13.406] 
[13:56:13.406] 395 packages are looking for funding
[13:56:13.406]   run `npm fund` for details
[13:56:13.470] 
[13:56:13.471] 12 vulnerabilities (9 low, 2 moderate, 1 high)
[13:56:13.471] 
[13:56:13.471] To address issues that do not require attention, run:
[13:56:13.471]   npm audit fix
[13:56:13.471] 
[13:56:13.472] To address all issues possible (including breaking changes), run:
[13:56:13.472]   npm audit fix --force
[13:56:13.472] 
[13:56:13.472] Some issues need review, and may require choosing
[13:56:13.472] a different dependency.
[13:56:13.472] 
[13:56:13.473] Run `npm audit` for details.
[13:56:13.693] 
[13:56:13.697] Attention:
[13:56:13.698] Turborepo now collects completely anonymous telemetry regarding usage.
[13:56:13.698] This information is used to shape the Turborepo roadmap and prioritize features.
[13:56:13.698] You can learn more, including how to opt-out if you'd not like to participate in this anonymous program, by visiting the following URL:
[13:56:13.698] https://turbo.build/repo/docs/telemetry
[13:56:13.698] 
[13:56:13.769] • Packages in scope: sv-app
[13:56:13.770] • Running build in 1 packages
[13:56:13.770] • Remote caching enabled
[13:56:14.408] @repo/common:build: cache hit, replaying logs deeceb98952e5205
[13:56:14.409] @repo/common:build: 
[13:56:14.409] @repo/common:build: > @repo/common@1.0.0 build
[13:56:14.409] @repo/common:build: > rimraf dist && tsc
[13:56:14.409] @repo/common:build: 
[13:56:14.546] sv-app:build: cache miss, executing 22a8ca6846d7d9e5
[13:56:14.696] sv-app:build: npm warn config ignoring workspace config at /vercel/path0/apps/sv-app/.npmrc
[13:56:16.653] sv-app:build: 
[13:56:16.653] sv-app:build: > sv-app@0.0.1 build
[13:56:16.653] sv-app:build: > vite build
[13:56:16.653] sv-app:build: 
[13:56:17.529] sv-app:build: [36mvite v5.4.8 [32mbuilding SSR bundle for production...[36m[39m
[13:56:17.577] sv-app:build: transforming...
[13:56:22.703] sv-app:build: [32m✓[39m 108 modules transformed.
[13:56:22.789] sv-app:build: rendering chunks...
[13:56:23.276] sv-app:build: [36mvite v5.4.8 [32mbuilding for production...[36m[39m
[13:56:23.280] sv-app:build: transforming...
[13:56:28.164] sv-app:build: [32m✓[39m 176 modules transformed.
[13:56:28.247] sv-app:build: rendering chunks...
[13:56:28.266] sv-app:build: computing gzip size...
[13:56:28.274] sv-app:build: [2m.svelte-kit/output/client/[22m[32m_app/version.json                                   [39m[1m[2m 0.03 kB[22m[1m[22m[2m │ gzip:  0.05 kB[22m
[13:56:28.274] sv-app:build: [2m.svelte-kit/output/client/[22m[32m.vite/manifest.json                                 [39m[1m[2m 2.89 kB[22m[1m[22m[2m │ gzip:  0.54 kB[22m
[13:56:28.274] sv-app:build: [2m.svelte-kit/output/client/[22m[35m_app/immutable/assets/0.BrK59iTm.css                [39m[1m[2m 4.85 kB[22m[1m[22m[2m │ gzip:  1.42 kB[22m
[13:56:28.274] sv-app:build: [2m.svelte-kit/output/client/[22m[36m_app/immutable/entry/start.WYbjmkrr.js              [39m[1m[2m 0.07 kB[22m[1m[22m[2m │ gzip:  0.08 kB[22m
[13:56:28.274] sv-app:build: [2m.svelte-kit/output/client/[22m[36m_app/immutable/nodes/0.h8v8yx0K.js                  [39m[1m[2m 0.38 kB[22m[1m[22m[2m │ gzip:  0.27 kB[22m
[13:56:28.275] sv-app:build: [2m.svelte-kit/output/client/[22m[36m_app/immutable/chunks/disclose-version.Cc_USnzL.js  [39m[1m[2m 0.98 kB[22m[1m[22m[2m │ gzip:  0.55 kB[22m
[13:56:28.275] sv-app:build: [2m.svelte-kit/output/client/[22m[36m_app/immutable/nodes/1.CbfKCyED.js                  [39m[1m[2m 1.65 kB[22m[1m[22m[2m │ gzip:  0.85 kB[22m
[13:56:28.275] sv-app:build: [2m.svelte-kit/output/client/[22m[36m_app/immutable/chunks/proxy.CYzPeHzs.js             [39m[1m[2m 2.09 kB[22m[1m[22m[2m │ gzip:  0.97 kB[22m
[13:56:28.275] sv-app:build: [2m.svelte-kit/output/client/[22m[36m_app/immutable/chunks/render.C1E_ii24.js            [39m[1m[2m 2.55 kB[22m[1m[22m[2m │ gzip:  1.39 kB[22m
[13:56:28.276] sv-app:build: [2m.svelte-kit/output/client/[22m[36m_app/immutable/nodes/2.D5ikBn1b.js                  [39m[1m[2m 2.55 kB[22m[1m[22m[2m │ gzip:  1.43 kB[22m
[13:56:28.276] sv-app:build: [2m.svelte-kit/output/client/[22m[36m_app/immutable/entry/app.B7xVJqm9.js                [39m[1m[2m 7.33 kB[22m[1m[22m[2m │ gzip:  3.45 kB[22m
[13:56:28.276] sv-app:build: [2m.svelte-kit/output/client/[22m[36m_app/immutable/chunks/runtime.DkyAABWG.js           [39m[1m[2m11.61 kB[22m[1m[22m[2m │ gzip:  4.76 kB[22m
[13:56:28.276] sv-app:build: [2m.svelte-kit/output/client/[22m[36m_app/immutable/chunks/entry.ivIG2cIu.js             [39m[1m[2m28.65 kB[22m[1m[22m[2m │ gzip: 11.30 kB[22m
[13:56:28.277] sv-app:build: [32m✓ built in 5.00s[39m
[13:56:28.721] sv-app:build: [2m.svelte-kit/output/server/[22m[32m.vite/manifest.json                         [39m[1m[2m 2.17 kB[22m[1m[22m
[13:56:28.722] sv-app:build: [2m.svelte-kit/output/server/[22m[35m_app/immutable/assets/_layout.BrK59iTm.css  [39m[1m[2m 4.85 kB[22m[1m[22m
[13:56:28.722] sv-app:build: [2m.svelte-kit/output/server/[22m[36mentries/pages/_layout.svelte.js             [39m[1m[2m 0.24 kB[22m[1m[22m
[13:56:28.722] sv-app:build: [2m.svelte-kit/output/server/[22m[36mentries/endpoints/api/hello/_server.ts.js   [39m[1m[2m 0.31 kB[22m[1m[22m
[13:56:28.722] sv-app:build: [2m.svelte-kit/output/server/[22m[36minternal.js                                 [39m[1m[2m 0.31 kB[22m[1m[22m
[13:56:28.722] sv-app:build: [2m.svelte-kit/output/server/[22m[36mchunks/escaping.js                          [39m[1m[2m 0.48 kB[22m[1m[22m
[13:56:28.722] sv-app:build: [2m.svelte-kit/output/server/[22m[36mchunks/index.js                             [39m[1m[2m 0.83 kB[22m[1m[22m
[13:56:28.722] sv-app:build: [2m.svelte-kit/output/server/[22m[36mentries/pages/_page.svelte.js               [39m[1m[2m 1.16 kB[22m[1m[22m
[13:56:28.723] sv-app:build: [2m.svelte-kit/output/server/[22m[36mentries/fallbacks/error.svelte.js           [39m[1m[2m 1.26 kB[22m[1m[22m
[13:56:28.723] sv-app:build: [2m.svelte-kit/output/server/[22m[36mchunks/index2.js                            [39m[1m[2m 3.52 kB[22m[1m[22m
[13:56:28.723] sv-app:build: [2m.svelte-kit/output/server/[22m[36mchunks/exports.js                           [39m[1m[2m 6.09 kB[22m[1m[22m
[13:56:28.723] sv-app:build: [2m.svelte-kit/output/server/[22m[36mchunks/internal.js                          [39m[1m[2m38.45 kB[22m[1m[22m
[13:56:28.723] sv-app:build: [2m.svelte-kit/output/server/[22m[36mindex.js                                    [39m[1m[2m93.44 kB[22m[1m[22m
[13:56:28.723] sv-app:build: [32m✓ built in 11.17s[39m
[13:56:28.723] sv-app:build: 
[13:56:28.723] sv-app:build: Run npm run preview to preview your production build locally.
[13:56:28.729] sv-app:build: 
[13:56:28.729] sv-app:build: > Using @sveltejs/adapter-auto
[13:56:29.069] sv-app:build:   ✔ done
[13:56:29.166] 
[13:56:29.166]   Tasks:    2 successful, 2 total
[13:56:29.166]  Cached:    1 cached, 2 total
[13:56:29.166]    Time:    15.469s 
[13:56:29.167] Summary:    /vercel/path0/.turbo/runs/2oq7jsuBkS1bC5ffPJ8y39QhPNq.json
[13:56:29.167] 
[13:56:29.373] Build Completed in /vercel/output [1m]
[13:56:29.420] Deploying outputs...
[13:56:34.248] 
[13:56:34.511] Deployment completed
[13:57:15.178] Uploading build cache [323.20 MB]...
[13:57:18.827] Build cache uploaded: 3.649s